14:10:16 [32mINFO [0m [90msrc/riscv.c:680:[0m Log level: TRACE
esp32p4: loaded 16777216 bytes of flash image
14:10:16 [32mINFO [0m [90msrc/main.c:551:[0m RISC-V emulator is created and ready to run
14:10:16 [32mINFO [0m [90msrc/riscv.c:680:[0m Log level: TRACE
esp32p4: loaded 16777216 bytes of flash image
[MPYFRM] n=1 hart=0 pc=4fc00b14 csr=f14 x9=00000000
[MPYFRM] n=2 hart=1 pc=4fc00b14 csr=f14 x9=00000000
[MPYFRM] n=3 hart=0 pc=4fc00b90 csr=f14 x9=00000000
[MPYFRM] n=4 hart=1 pc=4fc00b90 csr=f14 x9=00000000
[MPYFRM] n=5 hart=1 pc=4fc0290a csr=f14 x9=00000000
[MPYFRM] n=6 hart=1 pc=4fc0292e csr=7c1 x9=00000000
[MPYFRM] n=7 hart=0 pc=4fc0290a csr=f14 x9=00000000
[MPYFRM] n=8 hart=0 pc=4fc0292e csr=7c1 x9=00000000
EESSPP--RROOMM::eesspp3322pp44--eeccoo55--2200225500443300

BBuuiilldd::AApprr  3300  22002255

rrsstt::00xx11  ((PPOOWWEERROONN)),,bboooott::00xx88  ((SSPPII__FFAASSTT__FFLLAASSHH__BBOOOOTT))

SSPPII  mmooddee::DDIIOO,,  cclloocckk  ddiivv::22

llooaadd::00xx44ffff3333ccee00,,lleenn::00xxddaa88

llooaadd::00xx44ffff2299eedd00,,lleenn::00xxccaa00

llooaadd::00xx44ffff22ccbbdd00,,lleenn::00xx33225588

eennttrryy  00xx44ffff2299eedd00

[MPYFRM] n=9 hart=0 pc=4ff2a7a8 csr=3a0 x9=0000007c
[MPYFRM] n=10 hart=0 pc=4ff2a7bc csr=3a0 x9=0000007c
[MPYFRM] n=11 hart=0 pc=4ff2a7ce csr=3a0 x9=0000007c
[MPYFRM] n=12 hart=0 pc=4ff2a84e csr=3a1 x9=0000007c
[MPYFRM] n=13 hart=0 pc=4ff2a860 csr=3a2 x9=0000007c
[MPYFRM] n=14 hart=0 pc=4ff2a872 csr=3a3 x9=0000007c
[MPYFRM] n=15 hart=0 pc=4ff2aa6c csr=c00 x9=00000028
[MPYDIVARGS] n=1 hart=0 div=000000000105a7e8 dvr=0000000000000028 ra=4ff2aa84
[MPYDIV] n=1 div=000000000105a7e8 dvr=0000000000000028 ra=4ff2aa84
[MPYDIVARGS] n=2 hart=0 div=000000001e8097ff dvr=000000001c1e3e00 ra=4ff2a468
[MPYFRM] n=16 hart=0 pc=4ff2ddba csr=c00 x9=501101a4
[MPYFRM] n=17 hart=0 pc=4ff2ddc4 csr=c00 x9=501101a4
[MPYFRM] n=18 hart=0 pc=4ff2ddc4 csr=c00 x9=501101a4
[MPYFRM] n=19 hart=0 pc=4ff2ddc4 csr=c00 x9=501101a4
[MPYFRM] n=20 hart=0 pc=4ff2ddc4 csr=c00 x9=501101a4
[MPYFRM] n=21 hart=0 pc=4ff2ddc4 csr=c00 x9=501101a4
[MPYFRM] n=22 hart=0 pc=4ff2ddc4 csr=c00 x9=501101a4
[MPYFRM] n=23 hart=0 pc=4ff2ddc4 csr=c00 x9=501101a4
[MPYFRM] n=24 hart=0 pc=4ff2ddc4 csr=c00 x9=501101a4
[APPENTRY] reached app entry pc=4ff00418 ra=4ff2e29a
[MPYCPU1] n=1 hart=0 pc=40007518 s0=00000001 s4=4ff1e000 ra=40007514
[MPYCPU1] n=2 hart=0 pc=40007518 s0=00000001 s4=4ff1e000 ra=4000752e
[MPYCPU1] n=3 hart=0 pc=40007518 s0=00000001 s4=4ff1e000 ra=4000752e
[MPYCPU1] n=4 hart=0 pc=40007518 s0=00000001 s4=4ff1e000 ra=4000752e
[MPYCPU1] n=5 hart=0 pc=40007518 s0=00000001 s4=4ff1e000 ra=4000752e
[MPYCPU1] n=6 hart=0 pc=40007518 s0=00000001 s4=4ff1e000 ra=4000752e
[MPYCPU1] n=7 hart=0 pc=40007518 s0=00000001 s4=4ff1e000 ra=4000752e
[MPYCPU1] n=8 hart=0 pc=40007518 s0=00000001 s4=4ff1e000 ra=4000752e
[MPYCPU1] n=9 hart=0 pc=40007518 s0=00000001 s4=4ff1e000 ra=4000752e
[MPYCPU1] n=10 hart=0 pc=40007518 s0=00000001 s4=4ff1e000 ra=4000752e
[MPYCPU1] n=11 hart=0 pc=40007518 s0=00000001 s4=4ff1e000 ra=4000752e
[MPYCPU1] n=12 hart=0 pc=40007518 s0=00000001 s4=4ff1e000 ra=4000752e
[MPYCPU1] n=13 hart=0 pc=40007518 s0=00000001 s4=4ff1e000 ra=4000752e
[MPYCPU1] n=14 hart=0 pc=40007518 s0=00000001 s4=4ff1e000 ra=4000752e
[MPYCPU1] n=15 hart=0 pc=40007518 s0=00000001 s4=4ff1e000 ra=4000752e
[MPYCPU1] n=16 hart=0 pc=40007518 s0=00000001 s4=4ff1e000 ra=4000752e
[MPYCPU1] n=17 hart=0 pc=40007518 s0=00000001 s4=4ff1e000 ra=4000752e
[MPYCPU1] n=18 hart=0 pc=40007518 s0=00000001 s4=4ff1e000 ra=4000752e
[MPYCPU1] n=19 hart=0 pc=40007518 s0=00000001 s4=4ff1e000 ra=4000752e
[MPYCPU1] n=20 hart=0 pc=40007518 s0=00000001 s4=4ff1e000 ra=4000752e
[MPYCPU1] n=21 hart=0 pc=40007518 s0=00000001 s4=4ff1e000 ra=4000752e
[MPYCPU1] n=22 hart=0 pc=40007518 s0=00000001 s4=4ff1e000 ra=4000752e
[MPYCPU1] n=23 hart=0 pc=40007518 s0=00000001 s4=4ff1e000 ra=4000752e
[MPYCPU1] n=24 hart=0 pc=40007518 s0=00000001 s4=4ff1e000 ra=4000752e
[MPYDIVARGS] n=3 hart=0 div=000000000cf85000 dvr=00000000000003e8 ra=40007ff6
[MPYDIV] n=2 div=000000000cf85000 dvr=00000000000003e8 ra=40007ff6
[MPYCALENTRY] n=1 clk=-1 max=1024 cfg=00000000 cnt=0 ra=4ff0b43c
[MPYCALW] n=1 hart=0 cfg=84000000 max=1024 sel=0 cnt=273066 pc=4ff0b070
[MPYDIVARGS] n=4 hart=0 div=000000003d090000 dvr=0000000000021340 ra=4ff0b080
[MPYDIVU] n=1 hart=0 pc=4ff0b0aa x8=x8(00042aaa)/x24(00000001)=00042aaa
[MPYCALRET] n=1 a0=273066 (0=fail)
[MPYMUL] n=1 hart=0 pc=4ff0b43e x8=x8(0000a000)*x18(00000028)=0000a000
[MPYDIVARGS] n=5 hart=0 div=0000002155504fff dvr=000000000000a000 ra=4ff0b474
[MPYDIVRET] n=1 hart=0 a0=0035554d a1=00000000 ra=40007eee
[MPYDIVARGS] n=6 hart=0 div=000000008cec29a8 dvr=000000000000000a ra=40008094
[MPYDIVARGS] n=7 hart=0 div=000000001e8097ff dvr=000000001c1e3e00 ra=4000759e
[MPYDIV] n=3 div=000000001e8097ff dvr=000000001c1e3e00 ra=4000759e
[MPYHEAPREG] n=1 hart=0 pc=4000945e a0=4ff1de80 a1=0001d140 s1=4015a940
[MPYTLSF] n=1 hart=0 pc=4011ec40 a0=4ff1de94 s0=4ff1de94 s1=4ff1de94
[MPYADDPOOL] n=1 hart=0 pc=4011ec4c pool=4ff1de94 mem=4ff1e1e8 sz=0001cdd8
[MPYADDPOOLRET] n=1 hart=0 retpc=4011ea94
  pool[0]=4ff1de94 w0=00000000 w4=00000000 w8=4ff1de94 w12=4ff1e1e4 w16=204411cc w20=00000354 w24=00000800 w28=4ff1deb8
[MPYHEAPREG] n=2 hart=0 pc=4000945e a0=501088a8 a1=00007758 s1=4015a940
[MPYTLSF] n=2 hart=0 pc=4011ec40 a0=501088bc s0=501088bc s1=501088bc
[MPYADDPOOL] n=2 hart=0 pc=4011ec4c pool=501088bc mem=50108b88 sz=00007478
[MPYADDPOOLRET] n=2 hart=0 retpc=4011ea94
  pool[0]=4ff1de94 w0=00000000 w4=00000000 w8=4ff1de94 w12=4ff1e1e4 w16=204411cc w20=00000354 w24=00000800 w28=4ff1deb8
  pool[1]=501088bc w0=00000000 w4=00000000 w8=501088bc w12=50108b84 w16=20440fca w20=000002cc w24=00000200 w28=501088e0
[MPYHEAPREG] n=3 hart=0 pc=4000945e a0=301002a4 a1=00001d5c s1=4015a940
[MPYTLSF] n=3 hart=0 pc=4011ec40 a0=301002b8 s0=301002b8 s1=301002b8
[MPYADDPOOL] n=3 hart=0 pc=4011ec4c pool=301002b8 mem=30100420 sz=00001be0
[MPYADDPOOLRET] n=3 hart=0 retpc=4011ea94
  pool[0]=4ff1de94 w0=00000000 w4=00000000 w8=4ff1de94 w12=4ff1e1e4 w16=204411cc w20=00000354 w24=00000800 w28=4ff1deb8
  pool[1]=501088bc w0=00000000 w4=00000000 w8=501088bc w12=50108b84 w16=20440fca w20=000002cc w24=00000200 w28=501088e0
  pool[2]=301002b8 w0=00000000 w4=00000000 w8=301002b8 w12=3010041c w16=10320da9 w20=00000168 w24=00000100 w28=301002dc
[MPYTLSFE] n=1 hart=0 pc=4ff12eb0 pool=4ff1de94 sz=00000090 w0=00000000 w4=00000000 w8=4ff1de94 w12=4ff1e1e4 w16=204411cc w20=00000354 w24=00000800 w28=4ff1deb8
[MPYMHEAP] n=1 hart=0 pc=4ff12eb2 a0=4ff1e1ec s0=4ff1de80 s1=4ff1e1ec
[MPYMALLOCTAIL] n=1 hart=0 a0=4ff1e1ec taken=0 s0=4ff1de80
[MPYMHEAPRET] n=1 hart=0 pc=4ff12ef8 a0=4ff1e1ec s1=4015a940 ra=4000939c
[MPYHEAPREG] n=4 hart=0 pc=400094a4 a0=4ff1e1ec a1=00000000 s1=4ff1e234
[MPYHEAPREG] n=5 hart=0 pc=400094a4 a0=4ff1e234 a1=00000000 s1=4ff1e258
[MPYHEAPW] n=1 hart=0 pc=4ff00ac4 x8=[x9-1812]=4ff1e258
[MPYHEAPW] n=2 hart=0 pc=4ff00ad4 x10=[x8+28]=301002a4
[MPYHEAPW] n=3 hart=0 pc=4ff00adc x15=[x15+0]=00010000
[MPYHEAPW] n=4 hart=0 pc=4ff00ad0 x8=[x8+32]=4ff1e234
[MPYHEAPW] n=5 hart=0 pc=4ff00ad4 x10=[x8+28]=501088a8
[MPYHEAPW] n=6 hart=0 pc=4ff00adc x15=[x15+0]=00008000
[MPYHEAPW] n=7 hart=0 pc=4ff00ad0 x8=[x8+32]=4ff1e1ec
[MPYHEAPW] n=8 hart=0 pc=4ff00ad4 x10=[x8+28]=4ff1de80
[MPYHEAPW] n=9 hart=0 pc=4ff00adc x15=[x15+0]=0010580f
[MPYTLSFE] n=2 hart=0 pc=4ff12eb0 pool=4ff1de94 sz=00000004 w0=00000000 w4=00000000 w8=4ff1de94 w12=4ff1e278 w16=204411cc w20=00000354 w24=00000800 w28=4ff1deb8
[MPYMHEAP] n=2 hart=0 pc=4ff12eb2 a0=4ff1e280 s0=4ff1de80 s1=4ff1e280
[MPYMALLOCTAIL] n=2 hart=0 a0=4ff1e280 taken=0 s0=4ff1de80
[MPYMHEAPRET] n=2 hart=0 pc=4ff12eea a0=4ff1e280 s1=4ff1e000 ra=4ff00b02
[MPYHCRET] n=1 hart=0 pc=4ff008a8 a0=4ff1e280 s0=4ff1e280 s1=00000004 s2=00000000 ra=4ff008a8
[MPYHCMV] n=1 hart=0 a0=4ff1e280 s0=4ff1e280 s1=00000004 ra=4000d25c
[MPYHCMALLOC] n=1 hart=0 pc=4ff0088c a0=4ff1e280 s0=40182c64 ra=4000d25c
[MPYMALLOC] n=1 hart=0 RET pc=4000d25c a0=4ff1e280
[MPYMALLOC] n=1 hart=0 pc=40009b18 a0=00000008 a1=00000804 ra=40009b1c
[MPYHEAPW] n=10 hart=0 pc=4ff00ac4 x8=[x9-1812]=4ff1e258
[MPYHEAPW] n=11 hart=0 pc=4ff00ad4 x10=[x8+28]=301002a4
[MPYHEAPW] n=12 hart=0 pc=4ff00adc x15=[x15+0]=00010000
[MPYHEAPW] n=13 hart=0 pc=4ff00ad0 x8=[x8+32]=4ff1e234
[MPYHEAPW] n=14 hart=0 pc=4ff00ad4 x10=[x8+28]=501088a8
[MPYHEAPW] n=15 hart=0 pc=4ff00adc x15=[x15+0]=00008000
[MPYHEAPW] n=16 hart=0 pc=4ff00ad0 x8=[x8+32]=4ff1e1ec
[MPYHEAPW] n=17 hart=0 pc=4ff00ad4 x10=[x8+28]=4ff1de80
[MPYHEAPW] n=18 hart=0 pc=4ff00adc x15=[x15+0]=0010580f
[MPYTLSFE] n=3 hart=0 pc=4ff12eb0 pool=4ff1de94 sz=00000008 w0=00000000 w4=00000000 w8=4ff1de94 w12=4ff1e288 w16=204411cc w20=00000354 w24=00000800 w28=4ff1deb8
[MPYMHEAP] n=3 hart=0 pc=4ff12eb2 a0=4ff1e290 s0=4ff1de80 s1=4ff1e290
[MPYMALLOCTAIL] n=3 hart=0 a0=4ff1e290 taken=0 s0=4ff1de80
[MPYMHEAPRET] n=3 hart=0 pc=4ff12eea a0=4ff1e290 s1=4ff1e000 ra=4ff00b02
[MPYMALLOC] n=2 hart=0 pc=4000995e a0=00000010 a1=00000804 ra=40009962
[MPYHEAPW] n=19 hart=0 pc=4ff00ac4 x8=[x9-1812]=4ff1e258
[MPYHEAPW] n=20 hart=0 pc=4ff00ad4 x10=[x8+28]=301002a4
[MPYHEAPW] n=21 hart=0 pc=4ff00adc x15=[x15+0]=00010000
[MPYHEAPW] n=22 hart=0 pc=4ff00ad0 x8=[x8+32]=4ff1e234
[MPYHEAPW] n=23 hart=0 pc=4ff00ad4 x10=[x8+28]=501088a8
[MPYHEAPW] n=24 hart=0 pc=4ff00adc x15=[x15+0]=00008000
[MPYTLSFE] n=4 hart=0 pc=4ff12eb0 pool=4ff1de94 sz=00000010 w0=00000000 w4=00000000 w8=4ff1de94 w12=4ff1e298 w16=204411cc w20=00000354 w24=00000800 w28=4ff1deb8
[MPYMHEAP] n=4 hart=0 pc=4ff12eb2 a0=4ff1e2a0 s0=4ff1de80 s1=4ff1e2a0
[MPYMALLOCTAIL] n=4 hart=0 a0=4ff1e2a0 taken=0 s0=4ff1de80
[MPYMHEAPRET] n=4 hart=0 pc=4ff12eea a0=4ff1e2a0 s1=4ff1e000 ra=4ff00b02
[MPYMALLOC] n=3 hart=0 pc=40009f2e a0=00000018 a1=00000804 ra=40009f32
[MPYTLSFE] n=5 hart=0 pc=4ff12eb0 pool=4ff1de94 sz=00000018 w0=00000000 w4=00000000 w8=4ff1de94 w12=4ff1e2ac w16=204411cc w20=00000354 w24=00000800 w28=4ff1deb8
[MPYMHEAP] n=5 hart=0 pc=4ff12eb2 a0=4ff1e2b4 s0=4ff1de80 s1=4ff1e2b4
[MPYMALLOCTAIL] n=5 hart=0 a0=4ff1e2b4 taken=0 s0=4ff1de80
[MPYMHEAPRET] n=5 hart=0 pc=4ff12eea a0=4ff1e2b4 s1=4ff1e000 ra=4ff00b02
[MPYMALLOC] n=4 hart=0 pc=4011f102 a0=0000001e a1=00000804 ra=4011f106
[MPYTLSFE] n=6 hart=0 pc=4ff12eb0 pool=4ff1de94 sz=0000001e w0=00000000 w4=00000000 w8=4ff1de94 w12=4ff1e2c8 w16=204411cc w20=00000354 w24=00000800 w28=4ff1deb8
[MPYMHEAP] n=6 hart=0 pc=4ff12eb2 a0=4ff1e2d0 s0=4ff1de80 s1=4ff1e2d0
[MPYMALLOCTAIL] n=6 hart=0 a0=4ff1e2d0 taken=0 s0=4ff1de80
[MPYMHEAPRET] n=6 hart=0 pc=4ff12eea a0=4ff1e2d0 s1=4ff1e000 ra=4ff00b02
[MPYVFSTRAIL] n=1 hart=0 pc=4011f106 a0=4ff1e2d0 taken=0
[MPYMALLOC] n=5 hart=0 pc=4011f102 a0=00000023 a1=00000804 ra=4011f106
[MPYTLSFE] n=7 hart=0 pc=4ff12eb0 pool=4ff1de94 sz=00000023 w0=00000000 w4=00000000 w8=4ff1de94 w12=4ff1e2ec w16=204411cc w20=00000354 w24=00000800 w28=4ff1deb8
[MPYMHEAP] n=7 hart=0 pc=4ff12eb2 a0=4ff1e2f4 s0=4ff1de80 s1=4ff1e2f4
[MPYMALLOCTAIL] n=7 hart=0 a0=4ff1e2f4 taken=0 s0=4ff1de80
[MPYMHEAPRET] n=7 hart=0 pc=4ff12eea a0=4ff1e2f4 s1=4ff1e000 ra=4ff00b02
[MPYVFSTRAIL] n=2 hart=0 pc=4011f106 a0=4ff1e2f4 taken=0
[MPYMALLOC] n=6 hart=0 pc=4011f102 a0=0000001e a1=00000804 ra=4011f106
[MPYTLSFE] n=8 hart=0 pc=4ff12eb0 pool=4ff1de94 sz=0000001e w0=00000000 w4=00000000 w8=4ff1de94 w12=4ff1e314 w16=204411cc w20=00000354 w24=00000800 w28=4ff1deb8
[MPYMHEAP] n=8 hart=0 pc=4ff12eb2 a0=4ff1e31c s0=4ff1de80 s1=4ff1e31c
[MPYMALLOCTAIL] n=8 hart=0 a0=4ff1e31c taken=0 s0=4ff1de80
[MPYMHEAPRET] n=8 hart=0 pc=4ff12eea a0=4ff1e31c s1=4ff1e000 ra=4ff00b02
[MPYVFSTRAIL] n=3 hart=0 pc=4011f106 a0=4ff1e31c taken=0
[MPYMALLOC] n=7 hart=0 pc=4011f102 a0=00000021 a1=00000804 ra=4011f106
[MPYTLSFE] n=9 hart=0 pc=4ff12eb0 pool=4ff1de94 sz=00000021 w0=00000000 w4=00000000 w8=4ff1de94 w12=4ff1e338 w16=204411cc w20=00000354 w24=00000800 w28=4ff1deb8
[MPYMHEAP] n=9 hart=0 pc=4ff12eb2 a0=4ff1e340 s0=4ff1de80 s1=4ff1e340
[MPYMALLOCTAIL] n=9 hart=0 a0=4ff1e340 taken=0 s0=4ff1de80
[MPYMHEAPRET] n=9 hart=0 pc=4ff12eea a0=4ff1e340 s1=4ff1e000 ra=4ff00b02
[MPYVFSTRAIL] n=4 hart=0 pc=4011f106 a0=4ff1e340 taken=0
[MPYTLSFE] n=10 hart=0 pc=4ff12eb0 pool=4ff1de94 sz=00000054 w0=00000000 w4=00000000 w8=4ff1de94 w12=4ff1e360 w16=204411cc w20=00000354 w24=00000800 w28=4ff1deb8
[MPYMHEAP] n=10 hart=0 pc=4ff12eb2 a0=4ff1e368 s0=4ff1de80 s1=4ff1e368
[MPYMALLOCTAIL] n=10 hart=0 a0=4ff1e368 taken=0 s0=4ff1de80
[MPYMHEAPRET] n=10 hart=0 pc=4ff12eea a0=4ff1e368 s1=4ff1e000 ra=4ff00b02
[MPYTLSFE] n=11 hart=0 pc=4ff12eb0 pool=4ff1de94 sz=00000054 w0=00000000 w4=00000000 w8=4ff1de94 w12=4ff1e3b8 w16=204411cc w20=00000354 w24=00000800 w28=4ff1deb8
[MPYMHEAP] n=11 hart=0 pc=4ff12eb2 a0=4ff1e3c0 s0=4ff1de80 s1=4ff1e3c0
[MPYMALLOCTAIL] n=11 hart=0 a0=4ff1e3c0 taken=0 s0=4ff1de80
[MPYMHEAPRET] n=11 hart=0 pc=4ff12eea a0=4ff1e3c0 s1=4ff1e000 ra=4ff00b02
[MPYTLSFE] n=12 hart=0 pc=4ff12eb0 pool=4ff1de94 sz=00000054 w0=00000000 w4=00000000 w8=4ff1de94 w12=4ff1e410 w16=204411cc w20=00000354 w24=00000800 w28=4ff1deb8
[MPYMHEAP] n=12 hart=0 pc=4ff12eb2 a0=4ff1e418 s0=4ff1de80 s1=4ff1e418
[MPYMALLOCTAIL] n=12 hart=0 a0=4ff1e418 taken=0 s0=4ff1de80
[MPYMHEAPRET] n=12 hart=0 pc=4ff12eea a0=4ff1e418 s1=4ff1e000 ra=4ff00b02
[MPYTLSFE] n=13 hart=0 pc=4ff12eb0 pool=4ff1de94 sz=000001ac w0=00000000 w4=00000000 w8=4ff1de94 w12=4ff1e468 w16=204411cc w20=00000354 w24=00000800 w28=4ff1deb8
[MPYMHEAP] n=13 hart=0 pc=4ff12eb2 a0=4ff1e470 s0=4ff1de80 s1=4ff1e470
[MPYMALLOCTAIL] n=13 hart=0 a0=4ff1e470 taken=0 s0=4ff1de80
[MPYMHEAPRET] n=13 hart=0 pc=4ff12eea a0=4ff1e470 s1=4ff1e000 ra=4ff00b02
[MPYHCRET] n=2 hart=0 pc=4ff008a8 a0=4ff1e470 s0=4ff1e470 s1=000001ac s2=4ff17a80 ra=4ff008a8
[MPYHCMV] n=2 hart=0 a0=4ff1e470 s0=4ff1e470 s1=000001ac ra=401129ae
[MPYHCMALLOC] n=2 hart=0 pc=4ff0088c a0=4ff1e470 s0=00000000 ra=401129ae
[MPYTLSFE] n=14 hart=0 pc=4ff12eb0 pool=4ff1de94 sz=00000054 w0=00000000 w4=00000000 w8=4ff1de94 w12=4ff1e61c w16=204411cc w20=00000354 w24=00000800 w28=4ff1deb8
[MPYMHEAP] n=14 hart=0 pc=4ff12eb2 a0=4ff1e624 s0=4ff1de80 s1=4ff1e624
[MPYMALLOCTAIL] n=14 hart=0 a0=4ff1e624 taken=0 s0=4ff1de80
[MPYMHEAPRET] n=14 hart=0 pc=4ff12eea a0=4ff1e624 s1=4ff1e000 ra=4ff00b02
[MPYTLSFE] n=15 hart=0 pc=4ff12eb0 pool=4ff1de94 sz=00000054 w0=00000000 w4=00000000 w8=4ff1de94 w12=4ff1e674 w16=204411cc w20=00000354 w24=00000800 w28=4ff1deb8
[MPYMHEAP] n=15 hart=0 pc=4ff12eb2 a0=4ff1e67c s0=4ff1de80 s1=4ff1e67c
[MPYMALLOCTAIL] n=15 hart=0 a0=4ff1e67c taken=0 s0=4ff1de80
[MPYMHEAPRET] n=15 hart=0 pc=4ff12eea a0=4ff1e67c s1=4ff1e000 ra=4ff00b02
[MPYTLSFE] n=16 hart=0 pc=4ff12eb0 pool=4ff1de94 sz=00000054 w0=00000000 w4=00000000 w8=4ff1de94 w12=4ff1e6cc w16=204411cc w20=00000354 w24=00000800 w28=4ff1deb8
[MPYMHEAP] n=16 hart=0 pc=4ff12eb2 a0=4ff1e6d4 s0=4ff1de80 s1=4ff1e6d4
[MPYMALLOCTAIL] n=16 hart=0 a0=4ff1e6d4 taken=0 s0=4ff1de80
[MPYMHEAPRET] n=16 hart=0 pc=4ff12eea a0=4ff1e6d4 s1=4ff1e000 ra=4ff00b02
[MPYTLSFE] n=17 hart=0 pc=4ff12eb0 pool=4ff1de94 sz=00000054 w0=00000000 w4=00000000 w8=4ff1de94 w12=4ff1e724 w16=204411cc w20=00000354 w24=00000800 w28=4ff1deb8
[MPYMHEAP] n=17 hart=0 pc=4ff12eb2 a0=4ff1e72c s0=4ff1de80 s1=4ff1e72c
[MPYMALLOCTAIL] n=17 hart=0 a0=4ff1e72c taken=0 s0=4ff1de80
[MPYMHEAPRET] n=17 hart=0 pc=4ff12eea a0=4ff1e72c s1=4ff1e000 ra=4ff00b02
EE  ((1188))  ssppii__ffllaasshh::  DDeetteecctteedd  ssiizzee((44009966kk))  ssmmaalllleerr  tthhaann  tthhee  ssiizzee  iinn  tthhee  bbiinnaarryy  iimmaaggee  hheeaaddeerr((1166338844kk))..  PPrroobbee  ffaaiilleedd..

[MPYTLSFE] n=18 hart=0 pc=4ff12eb0 pool=4ff1de94 sz=0000000c w0=00000000 w4=00000000 w8=4ff1de94 w12=4ff1e77c w16=204411cc w20=00000354 w24=00000800 w28=4ff1deb8
[MPYMHEAP] n=18 hart=0 pc=4ff12eb2 a0=4ff1e784 s0=4ff1de80 s1=4ff1e784
[MPYMALLOCTAIL] n=18 hart=0 a0=4ff1e784 taken=0 s0=4ff1de80
[MPYMHEAPRET] n=18 hart=0 pc=4ff12eea a0=4ff1e784 s1=4ff1e000 ra=4ff00b02
[MPYHCRET] n=3 hart=0 pc=4ff008a8 a0=4ff1e784 s0=4ff1e784 s1=0000000c s2=4ff1de58 ra=4ff008a8
[MPYHCMV] n=3 hart=0 a0=4ff1e784 s0=4ff1e784 s1=0000000c ra=4000d382
[MPYHCMALLOC] n=3 hart=0 pc=4ff0088c a0=4ff1e784 s0=40182bec ra=4000d382
[MPYTLSFE] n=19 hart=0 pc=4ff12eb0 pool=4ff1de94 sz=00000054 w0=00000000 w4=00000000 w8=4ff1de94 w12=4ff1e78c w16=204411cc w20=00000354 w24=00000800 w28=4ff1deb8
[MPYMHEAP] n=19 hart=0 pc=4ff12eb2 a0=4ff1e794 s0=4ff1de80 s1=4ff1e794
[MPYMALLOCTAIL] n=19 hart=0 a0=4ff1e794 taken=0 s0=4ff1de80
[MPYMHEAPRET] n=19 hart=0 pc=4ff12eea a0=4ff1e794 s1=4ff1e000 ra=4ff00b02
[MPYTLSFE] n=20 hart=0 pc=4ff12eb0 pool=4ff1de94 sz=00000400 w0=00000000 w4=00000000 w8=4ff1de94 w12=4ff1e7e4 w16=204411cc w20=00000354 w24=00000800 w28=4ff1deb8
[MPYMHEAP] n=20 hart=0 pc=4ff12eb2 a0=4ff1e7ec s0=4ff1de80 s1=4ff1e7ec
[MPYMALLOCTAIL] n=20 hart=0 a0=4ff1e7ec taken=0 s0=4ff1de80
[MPYMHEAPRET] n=20 hart=0 pc=4ff12eea a0=4ff1e7ec s1=4ff1e000 ra=4ff00b02
[MPYTLSFE] n=21 hart=0 pc=4ff12eb0 pool=4ff1de94 sz=0000015c w0=00000000 w4=00000000 w8=4ff1de94 w12=4ff1ebe8 w16=204411cc w20=00000354 w24=00000800 w28=4ff1deb8
[MPYMHEAP] n=21 hart=0 pc=4ff12eb2 a0=4ff1ebf0 s0=4ff1de80 s1=4ff1ebf0
[MPYMALLOCTAIL] n=21 hart=0 a0=4ff1ebf0 taken=0 s0=4ff1de80
[MPYMHEAPRET] n=21 hart=0 pc=4ff12eea a0=4ff1ebf0 s1=4ff1e000 ra=4ff00b02
[MPYTLSFE] n=22 hart=0 pc=4ff12eb0 pool=4ff1de94 sz=00000400 w0=00000000 w4=00000000 w8=4ff1de94 w12=4ff1ed4c w16=204411cc w20=00000354 w24=00000800 w28=4ff1deb8
[MPYMHEAP] n=22 hart=0 pc=4ff12eb2 a0=4ff1ed54 s0=4ff1de80 s1=4ff1ed54
[MPYMALLOCTAIL] n=22 hart=0 a0=4ff1ed54 taken=0 s0=4ff1de80
[MPYMHEAPRET] n=22 hart=0 pc=4ff12eea a0=4ff1ed54 s1=4ff1e000 ra=4ff00b02
[MPYTLSFE] n=23 hart=0 pc=4ff12eb0 pool=4ff1de94 sz=0000015c w0=00000000 w4=00000000 w8=4ff1de94 w12=4ff1f150 w16=204411cc w20=00000354 w24=00000800 w28=4ff1deb8
[MPYMHEAP] n=23 hart=0 pc=4ff12eb2 a0=4ff1f158 s0=4ff1de80 s1=4ff1f158
[MPYMALLOCTAIL] n=23 hart=0 a0=4ff1f158 taken=0 s0=4ff1de80
[MPYMHEAPRET] n=23 hart=0 pc=4ff12eea a0=4ff1f158 s1=4ff1e000 ra=4ff00b02
[MPYTLSFE] n=24 hart=0 pc=4ff12eb0 pool=4ff1de94 sz=0000000e w0=00000000 w4=00000000 w8=4ff1de94 w12=4ff1f2b4 w16=204411cc w20=00000354 w24=00000800 w28=4ff1deb8
[MPYMHEAP] n=24 hart=0 pc=4ff12eb2 a0=4ff1f2bc s0=4ff1de80 s1=4ff1f2bc
[MPYMALLOCTAIL] n=24 hart=0 a0=4ff1f2bc taken=0 s0=4ff1de80
[MPYMHEAPRET] n=24 hart=0 pc=4ff12eea a0=4ff1f2bc s1=4ff1e000 ra=4ff00b02
[MPYHCRET] n=4 hart=0 pc=4ff008a8 a0=4ff1f2bc s0=4ff1f2bc s1=0000000e s2=00000002 ra=4ff008a8
[MPYHCMV] n=4 hart=0 a0=4ff1f2bc s0=4ff1f2bc s1=0000000e ra=40008cf0
[MPYHCMALLOC] n=4 hart=0 pc=4ff0088c a0=4ff1f2bc s0=40131f0c ra=40008cf0
[MPYTLSFE] n=25 hart=0 pc=4ff12eb0 pool=4ff1de94 sz=0000000d w0=00000000 w4=00000000 w8=4ff1de94 w12=4ff1f2c8 w16=204411cc w20=00000354 w24=00000800 w28=4ff1deb8
[MPYMHEAP] n=25 hart=0 pc=4ff12eb2 a0=4ff1f2d0 s0=4ff1de80 s1=4ff1f2d0
[MPYMALLOCTAIL] n=25 hart=0 a0=4ff1f2d0 taken=0 s0=4ff1de80
[MPYMHEAPRET] n=25 hart=0 pc=4ff12eea a0=4ff1f2d0 s1=4ff1e000 ra=4ff00b02
[MPYHCRET] n=5 hart=0 pc=4ff008a8 a0=4ff1f2d0 s0=4ff1f2d0 s1=0000000d s2=00000002 ra=4ff008a8
[MPYHCMV] n=5 hart=0 a0=4ff1f2d0 s0=4ff1f2d0 s1=0000000d ra=40008cf0
[MPYHCMALLOC] n=5 hart=0 pc=4ff0088c a0=4ff1f2d0 s0=00000000 ra=40008cf0
[MPYTLSFE] n=26 hart=0 pc=4ff12eb0 pool=4ff1de94 sz=0000000d w0=00000000 w4=00000000 w8=4ff1de94 w12=4ff1f2dc w16=204411cc w20=00000354 w24=00000800 w28=4ff1deb8
[MPYMHEAP] n=26 hart=0 pc=4ff12eb2 a0=4ff1f2e4 s0=4ff1de80 s1=4ff1f2e4
[MPYMALLOCTAIL] n=26 hart=0 a0=4ff1f2e4 taken=0 s0=4ff1de80
[MPYMHEAPRET] n=26 hart=0 pc=4ff12eea a0=4ff1f2e4 s1=4ff1e000 ra=4ff00b02
[MPYHCRET] n=6 hart=0 pc=4ff008a8 a0=4ff1f2e4 s0=4ff1f2e4 s1=0000000d s2=00000002 ra=4ff008a8
[MPYHCMV] n=6 hart=0 a0=4ff1f2e4 s0=4ff1f2e4 s1=0000000d ra=40008cf0
[MPYHCMALLOC] n=6 hart=0 pc=4ff0088c a0=4ff1f2e4 s0=00000000 ra=40008cf0
[MPYTLSFE] n=27 hart=0 pc=4ff12eb0 pool=4ff1de94 sz=00000004 w0=00000000 w4=00000000 w8=4ff1de94 w12=4ff1f2f0 w16=204411cc w20=00000354 w24=00000800 w28=4ff1deb8
[MPYMHEAP] n=27 hart=0 pc=4ff12eb2 a0=4ff1f2f8 s0=4ff1de80 s1=4ff1f2f8
[MPYMALLOCTAIL] n=27 hart=0 a0=4ff1f2f8 taken=0 s0=4ff1de80
[MPYMHEAPRET] n=27 hart=0 pc=4ff12eea a0=4ff1f2f8 s1=4ff1e000 ra=4ff00b02
[MPYHCRET] n=7 hart=0 pc=4ff008a8 a0=4ff1f2f8 s0=4ff1f2f8 s1=00000004 s2=40044336 ra=4ff008a8
[MPYHCMV] n=7 hart=0 a0=4ff1f2f8 s0=4ff1f2f8 s1=00000004 ra=4ff1445e
[MPYHCMALLOC] n=7 hart=0 pc=4ff0088c a0=4ff1f2f8 s0=00000004 ra=4ff1445e
[MPYTLSFE] n=28 hart=0 pc=4ff12eb0 pool=4ff1de94 sz=00000018 w0=00000000 w4=00000000 w8=4ff1de94 w12=4ff1f300 w16=204411cc w20=00000354 w24=00000800 w28=4ff1deb8
[MPYMHEAP] n=28 hart=0 pc=4ff12eb2 a0=4ff1f308 s0=4ff1de80 s1=4ff1f308
[MPYMALLOCTAIL] n=28 hart=0 a0=4ff1f308 taken=0 s0=4ff1de80
[MPYMHEAPRET] n=28 hart=0 pc=4ff12eea a0=4ff1f308 s1=4ff1e000 ra=4ff00b02
[MPYHCRET] n=8 hart=0 pc=4ff008a8 a0=4ff1f308 s0=4ff1f308 s1=00000018 s2=40044336 ra=4ff008a8
[MPYHCMV] n=8 hart=0 a0=4ff1f308 s0=4ff1f308 s1=00000018 ra=4ff1445e
[MPYHCMALLOC] n=8 hart=0 pc=4ff0088c a0=4ff1f308 s0=00000018 ra=4ff1445e
[MPYTLSFE] n=29 hart=0 pc=4ff12eb0 pool=4ff1de94 sz=00000040 w0=00000000 w4=00000000 w8=4ff1de94 w12=4ff1f31c w16=204411cc w20=00000354 w24=00000800 w28=4ff1deb8
[MPYMHEAP] n=29 hart=0 pc=4ff12eb2 a0=4ff1f324 s0=4ff1de80 s1=4ff1f324
[MPYMALLOCTAIL] n=29 hart=0 a0=4ff1f324 taken=0 s0=4ff1de80
[MPYMHEAPRET] n=29 hart=0 pc=4ff12eea a0=4ff1f324 s1=4ff1e000 ra=4ff00b02
[MPYHCRET] n=9 hart=0 pc=4ff008a8 a0=4ff1f324 s0=4ff1f324 s1=00000040 s2=00000600 ra=4ff008a8
[MPYHCMV] n=9 hart=0 a0=4ff1f324 s0=4ff1f324 s1=00000040 ra=4003c78a
[MPYHCMALLOC] n=9 hart=0 pc=4ff0088c a0=4ff1f324 s0=4ff1f308 ra=4003c78a
[MPYTLSFE] n=30 hart=0 pc=4ff12eb0 pool=4ff1de94 sz=00000040 w0=00000000 w4=00000000 w8=4ff1de94 w12=4ff1f31c w16=204411cc w20=00000354 w24=00000800 w28=4ff1deb8
[MPYMHEAP] n=30 hart=0 pc=4ff12eb2 a0=4ff1f324 s0=4ff1de80 s1=4ff1f324
[MPYMALLOCTAIL] n=30 hart=0 a0=4ff1f324 taken=0 s0=4ff1de80
[MPYMHEAPRET] n=30 hart=0 pc=4ff12eea a0=4ff1f324 s1=4ff1e000 ra=4ff00b02
[MPYHCRET] n=10 hart=0 pc=4ff008a8 a0=4ff1f324 s0=4ff1f324 s1=00000040 s2=00000600 ra=4ff008a8
[MPYHCMV] n=10 hart=0 a0=4ff1f324 s0=4ff1f324 s1=00000040 ra=4003c7ce
[MPYHCMALLOC] n=10 hart=0 pc=4ff0088c a0=4ff1f324 s0=4ff1f324 ra=4003c7ce
[MPYTLSFE] n=31 hart=0 pc=4ff12eb0 pool=4ff1de94 sz=00000008 w0=00000000 w4=00000000 w8=4ff1de94 w12=4ff1f360 w16=204411cc w20=00000354 w24=00000800 w28=4ff1deb8
[MPYMHEAP] n=31 hart=0 pc=4ff12eb2 a0=4ff1f368 s0=4ff1de80 s1=4ff1f368
[MPYMALLOCTAIL] n=31 hart=0 a0=4ff1f368 taken=0 s0=4ff1de80
[MPYMHEAPRET] n=31 hart=0 pc=4ff12eea a0=4ff1f368 s1=4ff1e000 ra=4ff00b02
[MPYHCRET] n=11 hart=0 pc=4ff008a8 a0=4ff1f368 s0=4ff1f368 s1=00000008 s2=00000600 ra=4ff008a8
[MPYHCMV] n=11 hart=0 a0=4ff1f368 s0=4ff1f368 s1=00000008 ra=40042c3e
[MPYHCMALLOC] n=11 hart=0 pc=4ff0088c a0=4ff1f368 s0=4ff1f324 ra=40042c3e
[MPYTLSFE] n=32 hart=0 pc=4ff12eb0 pool=4ff1de94 sz=00000004 w0=00000000 w4=00000000 w8=4ff1de94 w12=4ff1f370 w16=204411cc w20=00000354 w24=00000800 w28=4ff1deb8
[MPYMHEAP] n=32 hart=0 pc=4ff12eb2 a0=4ff1f378 s0=4ff1de80 s1=4ff1f378
[MPYMALLOCTAIL] n=32 hart=0 a0=4ff1f378 taken=0 s0=4ff1de80
[MPYMHEAPRET] n=32 hart=0 pc=4ff12eea a0=4ff1f378 s1=4ff1e000 ra=4ff00b02
[MPYHCRET] n=12 hart=0 pc=4ff008a8 a0=4ff1f378 s0=4ff1f378 s1=00000004 s2=40044336 ra=4ff008a8
[MPYHCMV] n=12 hart=0 a0=4ff1f378 s0=4ff1f378 s1=00000004 ra=4ff1445e
[MPYHCMALLOC] n=12 hart=0 pc=4ff0088c a0=4ff1f378 s0=00000004 ra=4ff1445e
[MPYHCMALLOC] n=13 hart=0 pc=4ff0088c a0=4ff1f388 s0=00000018 ra=4ff1445e
[MPYHCMALLOC] n=14 hart=0 pc=4ff0088c a0=4ff1f3a4 s0=4ff1f388 ra=4003c78a
[MPYHCMALLOC] n=15 hart=0 pc=4ff0088c a0=4ff1f3a4 s0=4ff1f3a4 ra=4003c7ce
[MPYHCMALLOC] n=16 hart=0 pc=4ff0088c a0=4ff1f3e8 s0=4ff1f3a4 ra=40042c3e
[MPYHCMALLOC] n=17 hart=0 pc=4ff0088c a0=4ff1f3f8 s0=4003249a ra=40042f90
[MPYHCMALLOC] n=18 hart=0 pc=4ff0088c a0=4ff1f460 s0=4003249a ra=40043148
[MPYHCMALLOC] n=19 hart=0 pc=4ff0088c a0=4ff1f4c8 s0=4003249a ra=40043148
[MPYHCMALLOC] n=20 hart=0 pc=4ff0088c a0=4ff1f530 s0=4003249a ra=40042e56
[MPYHCMALLOC] n=21 hart=0 pc=4ff0088c a0=4ff1f784 s0=4003249a ra=40042e56
[MPYHCMALLOC] n=22 hart=0 pc=4ff0088c a0=4ff1f9d8 s0=4003249a ra=40042e56
[MPYHCMALLOC] n=23 hart=0 pc=4ff0088c a0=4ff1fc2c s0=4003249a ra=40042e56
[MPYHCMALLOC] n=24 hart=0 pc=4ff0088c a0=4ff1fe80 s0=4003249a ra=40042e56
[MPYHCMALLOC] n=25 hart=0 pc=4ff0088c a0=4ff200d4 s0=4003249a ra=40042e56
[MPYHCMALLOC] n=26 hart=0 pc=4ff0088c a0=4ff20328 s0=4003249a ra=4003c78a
[MPYHCMALLOC] n=27 hart=0 pc=4ff0088c a0=4ff20328 s0=4ff20328 ra=4003c7ce
[MPYHCMALLOC] n=28 hart=0 pc=4ff0088c a0=4ff2036c s0=4ff20328 ra=40042c3e
[MPYMALLOC] n=8 hart=0 pc=40009b18 a0=00000008 a1=00000804 ra=40009b1c
[MPYMALLOC] n=9 hart=0 pc=4000995e a0=00000010 a1=00000804 ra=40009962
[MPYHCMALLOC] n=29 hart=0 pc=4ff0088c a0=4ff205b4 s0=00000020 ra=4ff1445e
[MPYHCMALLOC] n=30 hart=0 pc=4ff0088c a0=4ff205d8 s0=4ff1b17c ra=40043ac2
[MPYHCMALLOC] n=31 hart=0 pc=4ff0088c a0=4ff206a4 s0=4ff1b17c ra=40042f90
[MPYHCMALLOC] n=32 hart=0 pc=4ff0088c a0=4ff2070c s0=4003249a ra=40043148
[MPYMALLOC] n=10 hart=0 pc=40009b18 a0=00000008 a1=00000804 ra=40009b1c
[MPYMALLOC] n=11 hart=0 pc=4000995e a0=00000010 a1=00000804 ra=40009962
[MPYDIVARGS] n=8 hart=0 div=000000001e8097ff dvr=000000001c1e3e00 ra=4011c458
[MPYDIV] n=4 div=000000001e8097ff dvr=000000001c1e3e00 ra=4011c458
[MPYMALLOC] n=12 hart=0 pc=40009b18 a0=00000008 a1=00000804 ra=40009b1c
[MPYMALLOC] n=13 hart=0 pc=4000995e a0=00000010 a1=00000804 ra=40009962
[MPYMALLOC] n=14 hart=0 pc=40009b18 a0=00000008 a1=00000804 ra=40009b1c
[MPYMALLOC] n=15 hart=0 pc=4000995e a0=00000010 a1=00000804 ra=40009962
[MPYHEART] n=1 pc0=40008a90 pc1=4011d456 mt0=00000000 mt1=00000000 th0=7f000000 th1=00000000 h0h=0 h1h=0 h0ra=40008a90 h0sp=4ffbcb80 cyc=13517746
[MPYHEART] n=2 pc0=40008a90 pc1=4011d456 mt0=00000000 mt1=00000000 th0=7f000000 th1=00000000 h0h=0 h1h=0 h0ra=40008a90 h0sp=4ffbcb80 cyc=21517746
[MPYHEART] n=3 pc0=40008a90 pc1=4011d456 mt0=00000000 mt1=00000000 th0=7f000000 th1=00000000 h0h=0 h1h=0 h0ra=40008a90 h0sp=4ffbcb80 cyc=29517746
[MPYHEART] n=4 pc0=40008a90 pc1=4011d456 mt0=00000000 mt1=00000000 th0=7f000000 th1=00000000 h0h=0 h1h=0 h0ra=40008a90 h0sp=4ffbcb80 cyc=37517746
[MPYHEART] n=5 pc0=40008a90 pc1=4011d456 mt0=00000000 mt1=00000000 th0=7f000000 th1=00000000 h0h=0 h1h=0 h0ra=40008a90 h0sp=4ffbcb80 cyc=45517746
[MPYHEART] n=6 pc0=40008a90 pc1=4011d456 mt0=00000000 mt1=00000000 th0=7f000000 th1=00000000 h0h=0 h1h=0 h0ra=40008a90 h0sp=4ffbcb80 cyc=53517746
[MPYHEART] n=7 pc0=40008a90 pc1=4011d456 mt0=00000000 mt1=00000000 th0=7f000000 th1=00000000 h0h=0 h1h=0 h0ra=40008a90 h0sp=4ffbcb80 cyc=61517746
[MPYHEART] n=8 pc0=40008a90 pc1=4011d456 mt0=00000000 mt1=00000000 th0=7f000000 th1=00000000 h0h=0 h1h=0 h0ra=40008a90 h0sp=4ffbcb80 cyc=69517746
[MPYHEART] n=9 pc0=40008a90 pc1=4011d456 mt0=00000000 mt1=00000000 th0=7f000000 th1=00000000 h0h=0 h1h=0 h0ra=40008a90 h0sp=4ffbcb80 cyc=77517746
[MPYHEART] n=10 pc0=40008a90 pc1=4011d456 mt0=00000000 mt1=00000000 th0=7f000000 th1=00000000 h0h=0 h1h=0 h0ra=40008a90 h0sp=4ffbcb80 cyc=85517746
[MPYHEART] n=11 pc0=40008a90 pc1=4011d456 mt0=00000000 mt1=00000000 th0=7f000000 th1=00000000 h0h=0 h1h=0 h0ra=40008a90 h0sp=4ffbcb80 cyc=93517746
[MPYHEART] n=12 pc0=40008a90 pc1=4011d456 mt0=00000000 mt1=00000000 th0=7f000000 th1=00000000 h0h=0 h1h=0 h0ra=40008a90 h0sp=4ffbcb80 cyc=101517746
[MPYHEART] n=13 pc0=40008a90 pc1=4011d456 mt0=00000000 mt1=00000000 th0=7f000000 th1=00000000 h0h=0 h1h=0 h0ra=40008a90 h0sp=4ffbcb80 cyc=109517746
[MPYHEART] n=14 pc0=40008a90 pc1=4011d456 mt0=00000000 mt1=00000000 th0=7f000000 th1=00000000 h0h=0 h1h=0 h0ra=40008a90 h0sp=4ffbcb80 cyc=117517746
[MPYHEART] n=15 pc0=40008a90 pc1=4011d456 mt0=00000000 mt1=00000000 th0=7f000000 th1=00000000 h0h=0 h1h=0 h0ra=40008a90 h0sp=4ffbcb80 cyc=125517746
[MPYHEART] n=16 pc0=40008a90 pc1=4011d456 mt0=00000000 mt1=00000000 th0=7f000000 th1=00000000 h0h=0 h1h=0 h0ra=40008a90 h0sp=4ffbcb80 cyc=133517746
[MPYHEART] n=17 pc0=40008a90 pc1=4011d456 mt0=00000000 mt1=00000000 th0=7f000000 th1=00000000 h0h=0 h1h=0 h0ra=40008a90 h0sp=4ffbcb80 cyc=141517746
[MPYHEART] n=18 pc0=40008a90 pc1=4011d456 mt0=00000000 mt1=00000000 th0=7f000000 th1=00000000 h0h=0 h1h=0 h0ra=40008a90 h0sp=4ffbcb80 cyc=149517746
[MPYHEART] n=19 pc0=40008a90 pc1=4011d456 mt0=00000000 mt1=00000000 th0=7f000000 th1=00000000 h0h=0 h1h=0 h0ra=40008a90 h0sp=4ffbcb80 cyc=157517746
[MPYHEART] n=20 pc0=40008a90 pc1=4011d456 mt0=00000000 mt1=00000000 th0=7f000000 th1=00000000 h0h=0 h1h=0 h0ra=40008a90 h0sp=4ffbcb80 cyc=165517746
[MPYHEART] n=21 pc0=40008a90 pc1=4011d456 mt0=00000000 mt1=00000000 th0=7f000000 th1=00000000 h0h=0 h1h=0 h0ra=40008a90 h0sp=4ffbcb80 cyc=173517746
[MPYHEART] n=22 pc0=40008a90 pc1=4011d456 mt0=00000000 mt1=00000000 th0=7f000000 th1=00000000 h0h=0 h1h=0 h0ra=40008a90 h0sp=4ffbcb80 cyc=181517746
[MPYHEART] n=23 pc0=40008a90 pc1=4011d456 mt0=00000000 mt1=00000000 th0=7f000000 th1=00000000 h0h=0 h1h=0 h0ra=40008a90 h0sp=4ffbcb80 cyc=189517746
[MPYHEART] n=24 pc0=40008a90 pc1=4011d456 mt0=00000000 mt1=00000000 th0=7f000000 th1=00000000 h0h=0 h1h=0 h0ra=40008a90 h0sp=4ffbcb80 cyc=197517746
